
[TestGetRoute/should_translate_text - 1]
{"text":"Hello world!"}
---
